/home/xiaoxiong/miniforge3/envs/SF_git/lib/python3.10/site-packages/deepmind_lab/__init__.py:26: UserWarning: pkg_resources is deprecated as an API. See https://setuptools.pypa.io/en/latest/pkg_resources.html. The pkg_resources package is slated for removal as early as 2025-11-30. Refrain from using this package or pin to Setuptools<81.
  import pkg_resources
[2026-09-12 03:20:35,313][00004] register_encoder_factory: <function make_hipposlam_encoder at 0x7fdc41db0280>
[2026-09-12 03:20:35,313][00004] register_model_core_factory: <function make_hipposlam_core at 0x7fdc504a6170>
[2026-09-12 03:20:35,313][00004] register_decoder_factory: <function make_hipposlam_decoder at 0x7fdc504a70a0>
[2026-09-12 03:20:35,313][00004] register_actor_critic_factory: <function make_hipposlam_actor_critic at 0x7fdc50455510>
[2026-09-12 03:20:35,313][00004] register_learner_factory: <function make_hipposlam_learner at 0x7fdc41c07370>
[2026-09-12 03:20:35,316][00004] Setting fixed seed 99
[2026-09-12 03:20:35,317][00004] Initializing actor-critic model on device cpu
[2026-09-12 03:20:35,318][00004] RunningMeanStd input shape: (1,)
[2026-09-12 03:20:35,323][00004] True
[2026-09-12 03:20:35,323][00004] using depth sensor True
[2026-09-12 03:20:35,324][00004] Num input channels for depth encoder: 1
[2026-09-12 03:20:35,324][00004] original obs space: Box(0, 255, (4, 72, 96), uint8)
[2026-09-12 03:20:35,427][00004] DMLab policy head output size: 3843
[2026-09-12 03:20:35,427][00004] denpth_sensor True
[2026-09-12 03:20:35,428][00004] denpth_sensor True
[2026-09-12 03:20:35,428][00004] using bypass, dim 13
[2026-09-12 03:20:35,428][00004] USING SIMPLESEQUENCEWITHBYPASSCORE
[2026-09-12 03:20:35,428][00004] get out size called: 1165
[2026-09-12 03:20:35,456][00004] get out size called: 1165
[2026-09-12 03:20:35,459][00004] Created Actor Critic model with architecture:
[2026-09-12 03:20:35,459][00004] IntrMotivActorCriticSharedWeights(
  (obs_normalizer): ObservationNormalizer()
  (returns_normalizer): RecursiveScriptModule(original_name=RunningMeanStdInPlace)
  (encoder): HipposlamEncoder(
    (depth_encoder): DepthEncoder(
      (downsample): Upsample(size=(1, 10), mode='nearest')
    )
    (basic_encoder): ResNet18Layer2(
      (features): Sequential(
        (0): Sequential(
          (0): Conv2d(3, 64, kernel_size=(7, 7), stride=(2, 2), padding=(3, 3), bias=False)
          (1): BatchNorm2d(64, eps=1e-05, momentum=0.1, affine=True, track_running_stats=True)
          (2): ReLU(inplace=True)
          (3): MaxPool2d(kernel_size=3, stride=2, padding=1, dilation=1, ceil_mode=False)
        )
        (1): Sequential(
          (0): BasicBlock(
            (conv1): Conv2d(64, 64, kernel_size=(3, 3), stride=(1, 1), padding=(1, 1), bias=False)
            (bn1): BatchNorm2d(64, eps=1e-05, momentum=0.1, affine=True, track_running_stats=True)
            (relu): ReLU(inplace=True)
            (conv2): Conv2d(64, 64, kernel_size=(3, 3), stride=(1, 1), padding=(1, 1), bias=False)
            (bn2): BatchNorm2d(64, eps=1e-05, momentum=0.1, affine=True, track_running_stats=True)
          )
          (1): BasicBlock(
            (conv1): Conv2d(64, 64, kernel_size=(3, 3), stride=(1, 1), padding=(1, 1), bias=False)
            (bn1): BatchNorm2d(64, eps=1e-05, momentum=0.1, affine=True, track_running_stats=True)
            (relu): ReLU(inplace=True)
            (conv2): Conv2d(64, 64, kernel_size=(3, 3), stride=(1, 1), padding=(1, 1), bias=False)
            (bn2): BatchNorm2d(64, eps=1e-05, momentum=0.1, affine=True, track_running_stats=True)
          )
        )
        (2): Sequential(
          (0): BasicBlock(
            (conv1): Conv2d(64, 128, kernel_size=(3, 3), stride=(2, 2), padding=(1, 1), bias=False)
            (bn1): BatchNorm2d(128, eps=1e-05, momentum=0.1, affine=True, track_running_stats=True)
            (relu): ReLU(inplace=True)
            (conv2): Conv2d(128, 128, kernel_size=(3, 3), stride=(1, 1), padding=(1, 1), bias=False)
            (bn2): BatchNorm2d(128, eps=1e-05, momentum=0.1, affine=True, track_running_stats=True)
            (downsample): Sequential(
              (0): Conv2d(64, 128, kernel_size=(1, 1), stride=(2, 2), bias=False)
              (1): BatchNorm2d(128, eps=1e-05, momentum=0.1, affine=True, track_running_stats=True)
            )
          )
          (1): BasicBlock(
            (conv1): Conv2d(128, 128, kernel_size=(3, 3), stride=(1, 1), padding=(1, 1), bias=False)
            (bn1): BatchNorm2d(128, eps=1e-05, momentum=0.1, affine=True, track_running_stats=True)
            (relu): ReLU(inplace=True)
            (conv2): Conv2d(128, 128, kernel_size=(3, 3), stride=(1, 1), padding=(1, 1), bias=False)
            (bn2): BatchNorm2d(128, eps=1e-05, momentum=0.1, affine=True, track_running_stats=True)
          )
        )
      )
      (downsample): AvgPool2d(kernel_size=3, stride=2, padding=1)
    )
    (DG_projection): DGProjection_batchnorm_relu(
      (linear): Linear(in_features=3843, out_features=16, bias=False)
      (batchnorm1d): BatchNorm1d(16, eps=1e-05, momentum=0.1, affine=False, track_running_stats=True)
      (activation): ReLU()
    )
  )
  (core): SimpleSequenceWithBypassCore(
    (policy_graph): PolicyControllableGraph()
  )
  (decoder): TargetFiLMDecoder(
    (state_layer): Sequential(
      (0): Linear(in_features=1149, out_features=128, bias=True)
      (1): ReLU()
    )
    (output_layer): Sequential(
      (0): Linear(in_features=128, out_features=128, bias=True)
      (1): ReLU()
    )
  )
  (critic_linear): Linear(in_features=128, out_features=1, bias=True)
  (action_parameterization): ActionParameterizationDefault(
    (distribution_linear): Linear(in_features=128, out_features=8, bias=True)
  )
  (controller_q): ControllerQHeads(
    (main): Linear(in_features=128, out_features=8, bias=True)
    (auxiliary): Linear(in_features=257, out_features=8, bias=True)
  )
)
[2026-09-12 03:20:35,471][00004] Using optimizer <class 'torch.optim.adam.Adam'>
[2026-09-12 03:20:35,471][00004] No checkpoints found
[2026-09-12 03:20:35,471][00004] Did not load a downstream checkpoint, starting a new run
[2026-09-12 03:20:35,471][00004] Trying to register forward hooks, but no hooks are implemented. Continuing without forward hooks.
[2026-09-12 03:20:35,471][00004] Trying to register backward hooks, but no hooks are implemented. Continuing without backward hooks.
[2026-09-12 03:20:35,471][00004] Initialized policy 0 weights for model version 0
[2026-09-12 03:20:35,472][00004] RunningMeanStd input shape: (1,)
[2026-09-12 03:20:35,476][00004] True
[2026-09-12 03:20:35,476][00004] using depth sensor True
[2026-09-12 03:20:35,476][00004] Num input channels for depth encoder: 1
[2026-09-12 03:20:35,476][00004] original obs space: Box(0, 255, (4, 72, 96), uint8)
[2026-09-12 03:20:35,566][00004] DMLab policy head output size: 3843
[2026-09-12 03:20:35,567][00004] denpth_sensor True
[2026-09-12 03:20:35,567][00004] denpth_sensor True
[2026-09-12 03:20:35,567][00004] using bypass, dim 13
[2026-09-12 03:20:35,567][00004] USING SIMPLESEQUENCEWITHBYPASSCORE
[2026-09-12 03:20:35,568][00004] get out size called: 1165
[2026-09-12 03:20:35,575][00004] get out size called: 1165
[2026-09-12 03:20:35,582][00004] RunningMeanStd input shape: (1,)
[2026-09-12 03:20:35,586][00004] True
[2026-09-12 03:20:35,586][00004] using depth sensor True
[2026-09-12 03:20:35,586][00004] Num input channels for depth encoder: 1
[2026-09-12 03:20:35,586][00004] original obs space: Box(0, 255, (4, 72, 96), uint8)
[2026-09-12 03:20:35,676][00004] DMLab policy head output size: 3843
[2026-09-12 03:20:35,676][00004] denpth_sensor True
[2026-09-12 03:20:35,676][00004] denpth_sensor True
[2026-09-12 03:20:35,676][00004] using bypass, dim 13
[2026-09-12 03:20:35,677][00004] USING SIMPLESEQUENCEWITHBYPASSCORE
[2026-09-12 03:20:35,677][00004] get out size called: 1165
[2026-09-12 03:20:35,683][00004] get out size called: 1165
[2026-09-12 03:20:35,690][00004] RunningMeanStd input shape: (1,)
[2026-09-12 03:20:35,694][00004] True
[2026-09-12 03:20:35,694][00004] using depth sensor True
[2026-09-12 03:20:35,694][00004] Num input channels for depth encoder: 1
[2026-09-12 03:20:35,694][00004] original obs space: Box(0, 255, (4, 72, 96), uint8)
[2026-09-12 03:20:35,786][00004] DMLab policy head output size: 3843
[2026-09-12 03:20:35,786][00004] denpth_sensor True
[2026-09-12 03:20:35,788][00004] denpth_sensor True
[2026-09-12 03:20:35,788][00004] using bypass, dim 13
[2026-09-12 03:20:35,788][00004] USING SIMPLESEQUENCEWITHBYPASSCORE
[2026-09-12 03:20:35,788][00004] get out size called: 1165
[2026-09-12 03:20:35,794][00004] get out size called: 1165
[2026-09-12 03:20:35,809][00004] Initialized policy 0 weights for model version 0
DGC_DIRECT_WORKER_F16_S99 0 UpdateClock(learning_starts=1, cadence=4, target_interval=2, completed=1, main_positions=2, auxiliary_positions=0, target_at=0) {'missing_successor_context': 1, 'her_budget_expired': 2}
DGC_DIRECT_WORKER_F16_S99 1 UpdateClock(learning_starts=1, cadence=4, target_interval=2, completed=3, main_positions=6, auxiliary_positions=0, target_at=2) {'missing_successor_context': 3, 'her_budget_expired': 6}
[2026-09-12 03:20:36,095][00004] Saving /tmp/native-controller-audit-z8hzyy0t/00_DGC_DIRECT_WORKER_F16_S99/checkpoint_p0/checkpoint_000000002_64.pth...
[2026-09-12 03:20:36,107][00004] Setting fixed seed 99
[2026-09-12 03:20:36,107][00004] Initializing actor-critic model on device cpu
[2026-09-12 03:20:36,107][00004] RunningMeanStd input shape: (1,)
[2026-09-12 03:20:36,112][00004] True
[2026-09-12 03:20:36,112][00004] using depth sensor True
[2026-09-12 03:20:36,112][00004] Num input channels for depth encoder: 1
[2026-09-12 03:20:36,112][00004] original obs space: Box(0, 255, (4, 72, 96), uint8)
[2026-09-12 03:20:36,202][00004] DMLab policy head output size: 3843
[2026-09-12 03:20:36,203][00004] denpth_sensor True
[2026-09-12 03:20:36,203][00004] denpth_sensor True
[2026-09-12 03:20:36,203][00004] using bypass, dim 13
[2026-09-12 03:20:36,203][00004] USING SIMPLESEQUENCEWITHBYPASSCORE
[2026-09-12 03:20:36,204][00004] get out size called: 1165
[2026-09-12 03:20:36,210][00004] get out size called: 1165
[2026-09-12 03:20:36,213][00004] Created Actor Critic model with architecture:
[2026-09-12 03:20:36,214][00004] IntrMotivActorCriticSharedWeights(
  (obs_normalizer): ObservationNormalizer()
  (returns_normalizer): RecursiveScriptModule(original_name=RunningMeanStdInPlace)
  (encoder): HipposlamEncoder(
    (depth_encoder): DepthEncoder(
      (downsample): Upsample(size=(1, 10), mode='nearest')
    )
    (basic_encoder): ResNet18Layer2(
      (features): Sequential(
        (0): Sequential(
          (0): Conv2d(3, 64, kernel_size=(7, 7), stride=(2, 2), padding=(3, 3), bias=False)
          (1): BatchNorm2d(64, eps=1e-05, momentum=0.1, affine=True, track_running_stats=True)
          (2): ReLU(inplace=True)
          (3): MaxPool2d(kernel_size=3, stride=2, padding=1, dilation=1, ceil_mode=False)
        )
        (1): Sequential(
          (0): BasicBlock(
            (conv1): Conv2d(64, 64, kernel_size=(3, 3), stride=(1, 1), padding=(1, 1), bias=False)
            (bn1): BatchNorm2d(64, eps=1e-05, momentum=0.1, affine=True, track_running_stats=True)
            (relu): ReLU(inplace=True)
            (conv2): Conv2d(64, 64, kernel_size=(3, 3), stride=(1, 1), padding=(1, 1), bias=False)
            (bn2): BatchNorm2d(64, eps=1e-05, momentum=0.1, affine=True, track_running_stats=True)
          )
          (1): BasicBlock(
            (conv1): Conv2d(64, 64, kernel_size=(3, 3), stride=(1, 1), padding=(1, 1), bias=False)
            (bn1): BatchNorm2d(64, eps=1e-05, momentum=0.1, affine=True, track_running_stats=True)
            (relu): ReLU(inplace=True)
            (conv2): Conv2d(64, 64, kernel_size=(3, 3), stride=(1, 1), padding=(1, 1), bias=False)
            (bn2): BatchNorm2d(64, eps=1e-05, momentum=0.1, affine=True, track_running_stats=True)
          )
        )
        (2): Sequential(
          (0): BasicBlock(
            (conv1): Conv2d(64, 128, kernel_size=(3, 3), stride=(2, 2), padding=(1, 1), bias=False)
            (bn1): BatchNorm2d(128, eps=1e-05, momentum=0.1, affine=True, track_running_stats=True)
            (relu): ReLU(inplace=True)
            (conv2): Conv2d(128, 128, kernel_size=(3, 3), stride=(1, 1), padding=(1, 1), bias=False)
            (bn2): BatchNorm2d(128, eps=1e-05, momentum=0.1, affine=True, track_running_stats=True)
            (downsample): Sequential(
              (0): Conv2d(64, 128, kernel_size=(1, 1), stride=(2, 2), bias=False)
              (1): BatchNorm2d(128, eps=1e-05, momentum=0.1, affine=True, track_running_stats=True)
            )
          )
          (1): BasicBlock(
            (conv1): Conv2d(128, 128, kernel_size=(3, 3), stride=(1, 1), padding=(1, 1), bias=False)
            (bn1): BatchNorm2d(128, eps=1e-05, momentum=0.1, affine=True, track_running_stats=True)
            (relu): ReLU(inplace=True)
            (conv2): Conv2d(128, 128, kernel_size=(3, 3), stride=(1, 1), padding=(1, 1), bias=False)
            (bn2): BatchNorm2d(128, eps=1e-05, momentum=0.1, affine=True, track_running_stats=True)
          )
        )
      )
      (downsample): AvgPool2d(kernel_size=3, stride=2, padding=1)
    )
    (DG_projection): DGProjection_batchnorm_relu(
      (linear): Linear(in_features=3843, out_features=16, bias=False)
      (batchnorm1d): BatchNorm1d(16, eps=1e-05, momentum=0.1, affine=False, track_running_stats=True)
      (activation): ReLU()
    )
  )
  (core): SimpleSequenceWithBypassCore(
    (policy_graph): PolicyControllableGraph()
  )
  (decoder): TargetFiLMDecoder(
    (state_layer): Sequential(
      (0): Linear(in_features=1149, out_features=128, bias=True)
      (1): ReLU()
    )
    (output_layer): Sequential(
      (0): Linear(in_features=128, out_features=128, bias=True)
      (1): ReLU()
    )
  )
  (critic_linear): Linear(in_features=128, out_features=1, bias=True)
  (action_parameterization): ActionParameterizationDefault(
    (distribution_linear): Linear(in_features=128, out_features=8, bias=True)
  )
  (controller_q): ControllerQHeads(
    (main): Linear(in_features=128, out_features=8, bias=True)
    (auxiliary): Linear(in_features=257, out_features=8, bias=True)
  )
)
[2026-09-12 03:20:36,225][00004] Using optimizer <class 'torch.optim.adam.Adam'>
[2026-09-12 03:20:36,225][00004] Loading state from checkpoint /tmp/native-controller-audit-z8hzyy0t/00_DGC_DIRECT_WORKER_F16_S99/checkpoint_p0/checkpoint_000000002_64.pth...
[2026-09-12 03:20:36,234][00004] Loading model from checkpoint
[2026-09-12 03:20:36,235][00004] Loaded experiment state at self.train_step=2, self.env_steps=64
[2026-09-12 03:20:36,235][00004] Trying to register forward hooks, but no hooks are implemented. Continuing without forward hooks.
[2026-09-12 03:20:36,235][00004] Trying to register backward hooks, but no hooks are implemented. Continuing without backward hooks.
[2026-09-12 03:20:36,235][00004] Initialized policy 0 weights for model version 2
[2026-09-12 03:20:36,236][00004] RunningMeanStd input shape: (1,)
[2026-09-12 03:20:36,240][00004] True
[2026-09-12 03:20:36,240][00004] using depth sensor True
[2026-09-12 03:20:36,240][00004] Num input channels for depth encoder: 1
[2026-09-12 03:20:36,240][00004] original obs space: Box(0, 255, (4, 72, 96), uint8)
[2026-09-12 03:20:36,324][00004] DMLab policy head output size: 3843
[2026-09-12 03:20:36,325][00004] denpth_sensor True
[2026-09-12 03:20:36,325][00004] denpth_sensor True
[2026-09-12 03:20:36,325][00004] using bypass, dim 13
[2026-09-12 03:20:36,325][00004] USING SIMPLESEQUENCEWITHBYPASSCORE
[2026-09-12 03:20:36,325][00004] get out size called: 1165
[2026-09-12 03:20:36,331][00004] get out size called: 1165
[2026-09-12 03:20:36,338][00004] RunningMeanStd input shape: (1,)
[2026-09-12 03:20:36,342][00004] True
[2026-09-12 03:20:36,343][00004] using depth sensor True
[2026-09-12 03:20:36,343][00004] Num input channels for depth encoder: 1
[2026-09-12 03:20:36,343][00004] original obs space: Box(0, 255, (4, 72, 96), uint8)
[2026-09-12 03:20:36,436][00004] DMLab policy head output size: 3843
[2026-09-12 03:20:36,436][00004] denpth_sensor True
[2026-09-12 03:20:36,436][00004] denpth_sensor True
[2026-09-12 03:20:36,437][00004] using bypass, dim 13
[2026-09-12 03:20:36,437][00004] USING SIMPLESEQUENCEWITHBYPASSCORE
[2026-09-12 03:20:36,437][00004] get out size called: 1165
[2026-09-12 03:20:36,443][00004] get out size called: 1165
[2026-09-12 03:20:36,450][00004] RunningMeanStd input shape: (1,)
[2026-09-12 03:20:36,454][00004] True
[2026-09-12 03:20:36,454][00004] using depth sensor True
[2026-09-12 03:20:36,454][00004] Num input channels for depth encoder: 1
[2026-09-12 03:20:36,454][00004] original obs space: Box(0, 255, (4, 72, 96), uint8)
[2026-09-12 03:20:36,548][00004] DMLab policy head output size: 3843
[2026-09-12 03:20:36,548][00004] denpth_sensor True
[2026-09-12 03:20:36,548][00004] denpth_sensor True
[2026-09-12 03:20:36,548][00004] using bypass, dim 13
[2026-09-12 03:20:36,548][00004] USING SIMPLESEQUENCEWITHBYPASSCORE
[2026-09-12 03:20:36,549][00004] get out size called: 1165
[2026-09-12 03:20:36,555][00004] get out size called: 1165
[2026-09-12 03:20:36,566][00004] Initialized policy 0 weights for model version 2
PASS DGC_DIRECT_WORKER_F16_S99
[2026-09-12 03:20:36,589][00004] Setting fixed seed 8
[2026-09-12 03:20:36,589][00004] Initializing actor-critic model on device cpu
[2026-09-12 03:20:36,590][00004] RunningMeanStd input shape: (1,)
[2026-09-12 03:20:36,594][00004] True
[2026-09-12 03:20:36,594][00004] using depth sensor True
[2026-09-12 03:20:36,594][00004] Num input channels for depth encoder: 1
[2026-09-12 03:20:36,594][00004] original obs space: Box(0, 255, (4, 72, 96), uint8)
[2026-09-12 03:20:36,686][00004] DMLab policy head output size: 3843
[2026-09-12 03:20:36,688][00004] denpth_sensor True
[2026-09-12 03:20:36,688][00004] denpth_sensor True
[2026-09-12 03:20:36,688][00004] using bypass, dim 13
[2026-09-12 03:20:36,688][00004] USING SIMPLESEQUENCEWITHBYPASSCORE
[2026-09-12 03:20:36,688][00004] get out size called: 4621
[2026-09-12 03:20:36,699][00004] get out size called: 4621
[2026-09-12 03:20:36,709][00004] Created Actor Critic model with architecture:
[2026-09-12 03:20:36,709][00004] IntrMotivActorCriticSharedWeights(
  (obs_normalizer): ObservationNormalizer()
  (returns_normalizer): RecursiveScriptModule(original_name=RunningMeanStdInPlace)
  (encoder): HipposlamEncoder(
    (depth_encoder): DepthEncoder(
      (downsample): Upsample(size=(1, 10), mode='nearest')
    )
    (basic_encoder): ResNet18Layer2(
      (features): Sequential(
        (0): Sequential(
          (0): Conv2d(3, 64, kernel_size=(7, 7), stride=(2, 2), padding=(3, 3), bias=False)
          (1): BatchNorm2d(64, eps=1e-05, momentum=0.1, affine=True, track_running_stats=True)
          (2): ReLU(inplace=True)
          (3): MaxPool2d(kernel_size=3, stride=2, padding=1, dilation=1, ceil_mode=False)
        )
        (1): Sequential(
          (0): BasicBlock(
            (conv1): Conv2d(64, 64, kernel_size=(3, 3), stride=(1, 1), padding=(1, 1), bias=False)
            (bn1): BatchNorm2d(64, eps=1e-05, momentum=0.1, affine=True, track_running_stats=True)
            (relu): ReLU(inplace=True)
            (conv2): Conv2d(64, 64, kernel_size=(3, 3), stride=(1, 1), padding=(1, 1), bias=False)
            (bn2): BatchNorm2d(64, eps=1e-05, momentum=0.1, affine=True, track_running_stats=True)
          )
          (1): BasicBlock(
            (conv1): Conv2d(64, 64, kernel_size=(3, 3), stride=(1, 1), padding=(1, 1), bias=False)
            (bn1): BatchNorm2d(64, eps=1e-05, momentum=0.1, affine=True, track_running_stats=True)
            (relu): ReLU(inplace=True)
            (conv2): Conv2d(64, 64, kernel_size=(3, 3), stride=(1, 1), padding=(1, 1), bias=False)
            (bn2): BatchNorm2d(64, eps=1e-05, momentum=0.1, affine=True, track_running_stats=True)
          )
        )
        (2): Sequential(
          (0): BasicBlock(
            (conv1): Conv2d(64, 128, kernel_size=(3, 3), stride=(2, 2), padding=(1, 1), bias=False)
            (bn1): BatchNorm2d(128, eps=1e-05, momentum=0.1, affine=True, track_running_stats=True)
            (relu): ReLU(inplace=True)
            (conv2): Conv2d(128, 128, kernel_size=(3, 3), stride=(1, 1), padding=(1, 1), bias=False)
            (bn2): BatchNorm2d(128, eps=1e-05, momentum=0.1, affine=True, track_running_stats=True)
            (downsample): Sequential(
              (0): Conv2d(64, 128, kernel_size=(1, 1), stride=(2, 2), bias=False)
              (1): BatchNorm2d(128, eps=1e-05, momentum=0.1, affine=True, track_running_stats=True)
            )
          )
          (1): BasicBlock(
            (conv1): Conv2d(128, 128, kernel_size=(3, 3), stride=(1, 1), padding=(1, 1), bias=False)
            (bn1): BatchNorm2d(128, eps=1e-05, momentum=0.1, affine=True, track_running_stats=True)
            (relu): ReLU(inplace=True)
            (conv2): Conv2d(128, 128, kernel_size=(3, 3), stride=(1, 1), padding=(1, 1), bias=False)
            (bn2): BatchNorm2d(128, eps=1e-05, momentum=0.1, affine=True, track_running_stats=True)
          )
        )
      )
      (downsample): AvgPool2d(kernel_size=3, stride=2, padding=1)
    )
    (DG_projection): DGProjection_batchnorm_relu(
      (linear): Linear(in_features=3843, out_features=64, bias=False)
      (batchnorm1d): BatchNorm1d(64, eps=1e-05, momentum=0.1, affine=False, track_running_stats=True)
      (activation): ReLU()
    )
  )
  (core): GoalConditionedDGCore(
    (policy_graph): PolicyControllableGraph()
  )
  (decoder): TargetFiLMDecoder(
    (state_layer): Sequential(
      (0): Linear(in_features=4557, out_features=128, bias=True)
      (1): ReLU()
    )
    (output_layer): Sequential(
      (0): Linear(in_features=128, out_features=128, bias=True)
      (1): ReLU()
    )
  )
  (critic_linear): Linear(in_features=128, out_features=1, bias=True)
  (action_parameterization): ActionParameterizationDefault(
    (distribution_linear): Linear(in_features=128, out_features=8, bias=True)
  )
  (controller_q): ControllerQHeads(
    (main): Linear(in_features=128, out_features=8, bias=True)
    (auxiliary): Linear(in_features=257, out_features=8, bias=True)
  )
)
[2026-09-12 03:20:36,717][00004] Using optimizer <class 'torch.optim.adam.Adam'>
[2026-09-12 03:20:36,718][00004] No checkpoints found
[2026-09-12 03:20:36,718][00004] Did not load a downstream checkpoint, starting a new run
[2026-09-12 03:20:36,718][00004] Trying to register forward hooks, but no hooks are implemented. Continuing without forward hooks.
[2026-09-12 03:20:36,718][00004] Trying to register backward hooks, but no hooks are implemented. Continuing without backward hooks.
[2026-09-12 03:20:36,718][00004] Initialized policy 0 weights for model version 0
[2026-09-12 03:20:36,718][00004] RunningMeanStd input shape: (1,)
[2026-09-12 03:20:36,722][00004] True
[2026-09-12 03:20:36,723][00004] using depth sensor True
[2026-09-12 03:20:36,723][00004] Num input channels for depth encoder: 1
[2026-09-12 03:20:36,723][00004] original obs space: Box(0, 255, (4, 72, 96), uint8)
[2026-09-12 03:20:36,814][00004] DMLab policy head output size: 3843
[2026-09-12 03:20:36,816][00004] denpth_sensor True
[2026-09-12 03:20:36,816][00004] denpth_sensor True
[2026-09-12 03:20:36,816][00004] using bypass, dim 13
[2026-09-12 03:20:36,816][00004] USING SIMPLESEQUENCEWITHBYPASSCORE
[2026-09-12 03:20:36,816][00004] get out size called: 4621
[2026-09-12 03:20:36,827][00004] get out size called: 4621
[2026-09-12 03:20:36,839][00004] RunningMeanStd input shape: (1,)
[2026-09-12 03:20:36,843][00004] True
[2026-09-12 03:20:36,843][00004] using depth sensor True
[2026-09-12 03:20:36,843][00004] Num input channels for depth encoder: 1
[2026-09-12 03:20:36,844][00004] original obs space: Box(0, 255, (4, 72, 96), uint8)
[2026-09-12 03:20:36,934][00004] DMLab policy head output size: 3843
[2026-09-12 03:20:36,935][00004] denpth_sensor True
[2026-09-12 03:20:36,935][00004] denpth_sensor True
[2026-09-12 03:20:36,936][00004] using bypass, dim 13
[2026-09-12 03:20:36,936][00004] USING SIMPLESEQUENCEWITHBYPASSCORE
[2026-09-12 03:20:36,936][00004] get out size called: 4621
[2026-09-12 03:20:36,945][00004] get out size called: 4621
[2026-09-12 03:20:36,958][00004] RunningMeanStd input shape: (1,)
[2026-09-12 03:20:36,962][00004] True
[2026-09-12 03:20:36,963][00004] using depth sensor True
[2026-09-12 03:20:36,963][00004] Num input channels for depth encoder: 1
[2026-09-12 03:20:36,963][00004] original obs space: Box(0, 255, (4, 72, 96), uint8)
[2026-09-12 03:20:37,056][00004] DMLab policy head output size: 3843
[2026-09-12 03:20:37,057][00004] denpth_sensor True
[2026-09-12 03:20:37,057][00004] denpth_sensor True
[2026-09-12 03:20:37,057][00004] using bypass, dim 13
[2026-09-12 03:20:37,057][00004] USING SIMPLESEQUENCEWITHBYPASSCORE
[2026-09-12 03:20:37,058][00004] get out size called: 4621
[2026-09-12 03:20:37,067][00004] get out size called: 4621
[2026-09-12 03:20:37,085][00004] Initialized policy 0 weights for model version 0
DGC_WAYPOINT_DG_F64_S8 0 UpdateClock(learning_starts=1, cadence=4, target_interval=2, completed=1, main_positions=2, auxiliary_positions=0, target_at=0) {'missing_successor_context': 1, 'her_budget_expired': 2}
DGC_WAYPOINT_DG_F64_S8 1 UpdateClock(learning_starts=1, cadence=4, target_interval=2, completed=3, main_positions=6, auxiliary_positions=0, target_at=2) {'missing_successor_context': 1, 'her_budget_expired': 6}
[2026-09-12 03:20:37,450][00004] Saving /tmp/native-controller-audit-6deeefnx/00_DGC_WAYPOINT_DG_F64_S8/checkpoint_p0/checkpoint_000000002_64.pth...
[2026-09-12 03:20:37,466][00004] Setting fixed seed 8
[2026-09-12 03:20:37,467][00004] Initializing actor-critic model on device cpu
[2026-09-12 03:20:37,467][00004] RunningMeanStd input shape: (1,)
[2026-09-12 03:20:37,471][00004] True
[2026-09-12 03:20:37,471][00004] using depth sensor True
[2026-09-12 03:20:37,471][00004] Num input channels for depth encoder: 1
[2026-09-12 03:20:37,472][00004] original obs space: Box(0, 255, (4, 72, 96), uint8)
[2026-09-12 03:20:37,564][00004] DMLab policy head output size: 3843
[2026-09-12 03:20:37,566][00004] denpth_sensor True
[2026-09-12 03:20:37,566][00004] denpth_sensor True
[2026-09-12 03:20:37,566][00004] using bypass, dim 13
[2026-09-12 03:20:37,566][00004] USING SIMPLESEQUENCEWITHBYPASSCORE
[2026-09-12 03:20:37,566][00004] get out size called: 4621
[2026-09-12 03:20:37,575][00004] get out size called: 4621
[2026-09-12 03:20:37,584][00004] Created Actor Critic model with architecture:
[2026-09-12 03:20:37,584][00004] IntrMotivActorCriticSharedWeights(
  (obs_normalizer): ObservationNormalizer()
  (returns_normalizer): RecursiveScriptModule(original_name=RunningMeanStdInPlace)
  (encoder): HipposlamEncoder(
    (depth_encoder): DepthEncoder(
      (downsample): Upsample(size=(1, 10), mode='nearest')
    )
    (basic_encoder): ResNet18Layer2(
      (features): Sequential(
        (0): Sequential(
          (0): Conv2d(3, 64, kernel_size=(7, 7), stride=(2, 2), padding=(3, 3), bias=False)
          (1): BatchNorm2d(64, eps=1e-05, momentum=0.1, affine=True, track_running_stats=True)
          (2): ReLU(inplace=True)
          (3): MaxPool2d(kernel_size=3, stride=2, padding=1, dilation=1, ceil_mode=False)
        )
        (1): Sequential(
          (0): BasicBlock(
            (conv1): Conv2d(64, 64, kernel_size=(3, 3), stride=(1, 1), padding=(1, 1), bias=False)
            (bn1): BatchNorm2d(64, eps=1e-05, momentum=0.1, affine=True, track_running_stats=True)
            (relu): ReLU(inplace=True)
            (conv2): Conv2d(64, 64, kernel_size=(3, 3), stride=(1, 1), padding=(1, 1), bias=False)
            (bn2): BatchNorm2d(64, eps=1e-05, momentum=0.1, affine=True, track_running_stats=True)
          )
          (1): BasicBlock(
            (conv1): Conv2d(64, 64, kernel_size=(3, 3), stride=(1, 1), padding=(1, 1), bias=False)
            (bn1): BatchNorm2d(64, eps=1e-05, momentum=0.1, affine=True, track_running_stats=True)
            (relu): ReLU(inplace=True)
            (conv2): Conv2d(64, 64, kernel_size=(3, 3), stride=(1, 1), padding=(1, 1), bias=False)
            (bn2): BatchNorm2d(64, eps=1e-05, momentum=0.1, affine=True, track_running_stats=True)
          )
        )
        (2): Sequential(
          (0): BasicBlock(
            (conv1): Conv2d(64, 128, kernel_size=(3, 3), stride=(2, 2), padding=(1, 1), bias=False)
            (bn1): BatchNorm2d(128, eps=1e-05, momentum=0.1, affine=True, track_running_stats=True)
            (relu): ReLU(inplace=True)
            (conv2): Conv2d(128, 128, kernel_size=(3, 3), stride=(1, 1), padding=(1, 1), bias=False)
            (bn2): BatchNorm2d(128, eps=1e-05, momentum=0.1, affine=True, track_running_stats=True)
            (downsample): Sequential(
              (0): Conv2d(64, 128, kernel_size=(1, 1), stride=(2, 2), bias=False)
              (1): BatchNorm2d(128, eps=1e-05, momentum=0.1, affine=True, track_running_stats=True)
            )
          )
          (1): BasicBlock(
            (conv1): Conv2d(128, 128, kernel_size=(3, 3), stride=(1, 1), padding=(1, 1), bias=False)
            (bn1): BatchNorm2d(128, eps=1e-05, momentum=0.1, affine=True, track_running_stats=True)
            (relu): ReLU(inplace=True)
            (conv2): Conv2d(128, 128, kernel_size=(3, 3), stride=(1, 1), padding=(1, 1), bias=False)
            (bn2): BatchNorm2d(128, eps=1e-05, momentum=0.1, affine=True, track_running_stats=True)
          )
        )
      )
      (downsample): AvgPool2d(kernel_size=3, stride=2, padding=1)
    )
    (DG_projection): DGProjection_batchnorm_relu(
      (linear): Linear(in_features=3843, out_features=64, bias=False)
      (batchnorm1d): BatchNorm1d(64, eps=1e-05, momentum=0.1, affine=False, track_running_stats=True)
      (activation): ReLU()
    )
  )
  (core): GoalConditionedDGCore(
    (policy_graph): PolicyControllableGraph()
  )
  (decoder): TargetFiLMDecoder(
    (state_layer): Sequential(
      (0): Linear(in_features=4557, out_features=128, bias=True)
      (1): ReLU()
    )
    (output_layer): Sequential(
      (0): Linear(in_features=128, out_features=128, bias=True)
      (1): ReLU()
    )
  )
  (critic_linear): Linear(in_features=128, out_features=1, bias=True)
  (action_parameterization): ActionParameterizationDefault(
    (distribution_linear): Linear(in_features=128, out_features=8, bias=True)
  )
  (controller_q): ControllerQHeads(
    (main): Linear(in_features=128, out_features=8, bias=True)
    (auxiliary): Linear(in_features=257, out_features=8, bias=True)
  )
)
[2026-09-12 03:20:37,588][00004] Using optimizer <class 'torch.optim.adam.Adam'>
[2026-09-12 03:20:37,588][00004] Loading state from checkpoint /tmp/native-controller-audit-6deeefnx/00_DGC_WAYPOINT_DG_F64_S8/checkpoint_p0/checkpoint_000000002_64.pth...
[2026-09-12 03:20:37,599][00004] Loading model from checkpoint
[2026-09-12 03:20:37,600][00004] Loaded experiment state at self.train_step=2, self.env_steps=64
[2026-09-12 03:20:37,601][00004] Trying to register forward hooks, but no hooks are implemented. Continuing without forward hooks.
[2026-09-12 03:20:37,601][00004] Trying to register backward hooks, but no hooks are implemented. Continuing without backward hooks.
[2026-09-12 03:20:37,601][00004] Initialized policy 0 weights for model version 2
[2026-09-12 03:20:37,601][00004] RunningMeanStd input shape: (1,)
[2026-09-12 03:20:37,605][00004] True
[2026-09-12 03:20:37,606][00004] using depth sensor True
[2026-09-12 03:20:37,606][00004] Num input channels for depth encoder: 1
[2026-09-12 03:20:37,606][00004] original obs space: Box(0, 255, (4, 72, 96), uint8)
[2026-09-12 03:20:37,699][00004] DMLab policy head output size: 3843
[2026-09-12 03:20:37,701][00004] denpth_sensor True
[2026-09-12 03:20:37,701][00004] denpth_sensor True
[2026-09-12 03:20:37,701][00004] using bypass, dim 13
[2026-09-12 03:20:37,701][00004] USING SIMPLESEQUENCEWITHBYPASSCORE
[2026-09-12 03:20:37,701][00004] get out size called: 4621
[2026-09-12 03:20:37,711][00004] get out size called: 4621
[2026-09-12 03:20:37,724][00004] RunningMeanStd input shape: (1,)
[2026-09-12 03:20:37,728][00004] True
[2026-09-12 03:20:37,729][00004] using depth sensor True
[2026-09-12 03:20:37,729][00004] Num input channels for depth encoder: 1
[2026-09-12 03:20:37,729][00004] original obs space: Box(0, 255, (4, 72, 96), uint8)
[2026-09-12 03:20:37,823][00004] DMLab policy head output size: 3843
[2026-09-12 03:20:37,825][00004] denpth_sensor True
[2026-09-12 03:20:37,825][00004] denpth_sensor True
[2026-09-12 03:20:37,825][00004] using bypass, dim 13
[2026-09-12 03:20:37,825][00004] USING SIMPLESEQUENCEWITHBYPASSCORE
[2026-09-12 03:20:37,825][00004] get out size called: 4621
[2026-09-12 03:20:37,835][00004] get out size called: 4621
[2026-09-12 03:20:37,849][00004] RunningMeanStd input shape: (1,)
[2026-09-12 03:20:37,853][00004] True
[2026-09-12 03:20:37,853][00004] using depth sensor True
[2026-09-12 03:20:37,853][00004] Num input channels for depth encoder: 1
[2026-09-12 03:20:37,853][00004] original obs space: Box(0, 255, (4, 72, 96), uint8)
[2026-09-12 03:20:37,945][00004] DMLab policy head output size: 3843
[2026-09-12 03:20:37,947][00004] denpth_sensor True
[2026-09-12 03:20:37,947][00004] denpth_sensor True
[2026-09-12 03:20:37,947][00004] using bypass, dim 13
[2026-09-12 03:20:37,947][00004] USING SIMPLESEQUENCEWITHBYPASSCORE
[2026-09-12 03:20:37,947][00004] get out size called: 4621
[2026-09-12 03:20:37,957][00004] get out size called: 4621
[2026-09-12 03:20:37,976][00004] Initialized policy 0 weights for model version 2
PASS DGC_WAYPOINT_DG_F64_S8
[2026-09-12 03:20:38,001][00004] Setting fixed seed 99
[2026-09-12 03:20:38,001][00004] Initializing actor-critic model on device cpu
[2026-09-12 03:20:38,001][00004] RunningMeanStd input shape: (1,)
[2026-09-12 03:20:38,005][00004] True
[2026-09-12 03:20:38,005][00004] using depth sensor True
[2026-09-12 03:20:38,005][00004] Num input channels for depth encoder: 1
[2026-09-12 03:20:38,006][00004] original obs space: Box(0, 255, (4, 72, 96), uint8)
[2026-09-12 03:20:38,098][00004] DMLab policy head output size: 3843
[2026-09-12 03:20:38,100][00004] denpth_sensor True
[2026-09-12 03:20:38,100][00004] denpth_sensor True
[2026-09-12 03:20:38,100][00004] using bypass, dim 13
[2026-09-12 03:20:38,100][00004] USING SIMPLESEQUENCEWITHBYPASSCORE
[2026-09-12 03:20:38,100][00004] get out size called: 4621
[2026-09-12 03:20:38,111][00004] get out size called: 4621
[2026-09-12 03:20:38,120][00004] Created Actor Critic model with architecture:
[2026-09-12 03:20:38,120][00004] IntrMotivActorCriticSharedWeights(
  (obs_normalizer): ObservationNormalizer()
  (returns_normalizer): RecursiveScriptModule(original_name=RunningMeanStdInPlace)
  (encoder): HipposlamEncoder(
    (depth_encoder): DepthEncoder(
      (downsample): Upsample(size=(1, 10), mode='nearest')
    )
    (basic_encoder): ResNet18Layer2(
      (features): Sequential(
        (0): Sequential(
          (0): Conv2d(3, 64, kernel_size=(7, 7), stride=(2, 2), padding=(3, 3), bias=False)
          (1): BatchNorm2d(64, eps=1e-05, momentum=0.1, affine=True, track_running_stats=True)
          (2): ReLU(inplace=True)
          (3): MaxPool2d(kernel_size=3, stride=2, padding=1, dilation=1, ceil_mode=False)
        )
        (1): Sequential(
          (0): BasicBlock(
            (conv1): Conv2d(64, 64, kernel_size=(3, 3), stride=(1, 1), padding=(1, 1), bias=False)
            (bn1): BatchNorm2d(64, eps=1e-05, momentum=0.1, affine=True, track_running_stats=True)
            (relu): ReLU(inplace=True)
            (conv2): Conv2d(64, 64, kernel_size=(3, 3), stride=(1, 1), padding=(1, 1), bias=False)
            (bn2): BatchNorm2d(64, eps=1e-05, momentum=0.1, affine=True, track_running_stats=True)
          )
          (1): BasicBlock(
            (conv1): Conv2d(64, 64, kernel_size=(3, 3), stride=(1, 1), padding=(1, 1), bias=False)
            (bn1): BatchNorm2d(64, eps=1e-05, momentum=0.1, affine=True, track_running_stats=True)
            (relu): ReLU(inplace=True)
            (conv2): Conv2d(64, 64, kernel_size=(3, 3), stride=(1, 1), padding=(1, 1), bias=False)
            (bn2): BatchNorm2d(64, eps=1e-05, momentum=0.1, affine=True, track_running_stats=True)
          )
        )
        (2): Sequential(
          (0): BasicBlock(
            (conv1): Conv2d(64, 128, kernel_size=(3, 3), stride=(2, 2), padding=(1, 1), bias=False)
            (bn1): BatchNorm2d(128, eps=1e-05, momentum=0.1, affine=True, track_running_stats=True)
            (relu): ReLU(inplace=True)
            (conv2): Conv2d(128, 128, kernel_size=(3, 3), stride=(1, 1), padding=(1, 1), bias=False)
            (bn2): BatchNorm2d(128, eps=1e-05, momentum=0.1, affine=True, track_running_stats=True)
            (downsample): Sequential(
              (0): Conv2d(64, 128, kernel_size=(1, 1), stride=(2, 2), bias=False)
              (1): BatchNorm2d(128, eps=1e-05, momentum=0.1, affine=True, track_running_stats=True)
            )
          )
          (1): BasicBlock(
            (conv1): Conv2d(128, 128, kernel_size=(3, 3), stride=(1, 1), padding=(1, 1), bias=False)
            (bn1): BatchNorm2d(128, eps=1e-05, momentum=0.1, affine=True, track_running_stats=True)
            (relu): ReLU(inplace=True)
            (conv2): Conv2d(128, 128, kernel_size=(3, 3), stride=(1, 1), padding=(1, 1), bias=False)
            (bn2): BatchNorm2d(128, eps=1e-05, momentum=0.1, affine=True, track_running_stats=True)
          )
        )
      )
      (downsample): AvgPool2d(kernel_size=3, stride=2, padding=1)
    )
    (DG_projection): DGProjection_batchnorm_relu(
      (linear): Linear(in_features=3843, out_features=64, bias=False)
      (batchnorm1d): BatchNorm1d(64, eps=1e-05, momentum=0.1, affine=False, track_running_stats=True)
      (activation): ReLU()
    )
  )
  (core): GoalConditionedDGCore(
    (policy_graph): PolicyControllableGraph()
  )
  (decoder): TargetFiLMDecoder(
    (state_layer): Sequential(
      (0): Linear(in_features=4557, out_features=128, bias=True)
      (1): ReLU()
    )
    (output_layer): Sequential(
      (0): Linear(in_features=128, out_features=128, bias=True)
      (1): ReLU()
    )
  )
  (critic_linear): Linear(in_features=128, out_features=1, bias=True)
  (action_parameterization): ActionParameterizationDefault(
    (distribution_linear): Linear(in_features=128, out_features=8, bias=True)
  )
  (controller_q): ControllerQHeads(
    (main): Linear(in_features=128, out_features=8, bias=True)
    (auxiliary): Linear(in_features=257, out_features=8, bias=True)
  )
)
[2026-09-12 03:20:38,132][00004] Using optimizer <class 'torch.optim.adam.Adam'>
[2026-09-12 03:20:38,133][00004] No checkpoints found
[2026-09-12 03:20:38,133][00004] Did not load a downstream checkpoint, starting a new run
[2026-09-12 03:20:38,133][00004] Trying to register forward hooks, but no hooks are implemented. Continuing without forward hooks.
[2026-09-12 03:20:38,133][00004] Trying to register backward hooks, but no hooks are implemented. Continuing without backward hooks.
[2026-09-12 03:20:38,133][00004] Initialized policy 0 weights for model version 0
[2026-09-12 03:20:38,133][00004] RunningMeanStd input shape: (1,)
[2026-09-12 03:20:38,138][00004] True
[2026-09-12 03:20:38,138][00004] using depth sensor True
[2026-09-12 03:20:38,138][00004] Num input channels for depth encoder: 1
[2026-09-12 03:20:38,138][00004] original obs space: Box(0, 255, (4, 72, 96), uint8)
[2026-09-12 03:20:38,299][00004] DMLab policy head output size: 3843
[2026-09-12 03:20:38,300][00004] denpth_sensor True
[2026-09-12 03:20:38,300][00004] denpth_sensor True
[2026-09-12 03:20:38,300][00004] using bypass, dim 13
[2026-09-12 03:20:38,300][00004] USING SIMPLESEQUENCEWITHBYPASSCORE
[2026-09-12 03:20:38,301][00004] get out size called: 4621
[2026-09-12 03:20:38,310][00004] get out size called: 4621
[2026-09-12 03:20:38,323][00004] RunningMeanStd input shape: (1,)
[2026-09-12 03:20:38,327][00004] True
[2026-09-12 03:20:38,327][00004] using depth sensor True
[2026-09-12 03:20:38,327][00004] Num input channels for depth encoder: 1
[2026-09-12 03:20:38,327][00004] original obs space: Box(0, 255, (4, 72, 96), uint8)
[2026-09-12 03:20:38,419][00004] DMLab policy head output size: 3843
[2026-09-12 03:20:38,420][00004] denpth_sensor True
[2026-09-12 03:20:38,420][00004] denpth_sensor True
[2026-09-12 03:20:38,420][00004] using bypass, dim 13
[2026-09-12 03:20:38,420][00004] USING SIMPLESEQUENCEWITHBYPASSCORE
[2026-09-12 03:20:38,421][00004] get out size called: 4621
[2026-09-12 03:20:38,430][00004] get out size called: 4621
[2026-09-12 03:20:38,444][00004] RunningMeanStd input shape: (1,)
[2026-09-12 03:20:38,448][00004] True
[2026-09-12 03:20:38,448][00004] using depth sensor True
[2026-09-12 03:20:38,448][00004] Num input channels for depth encoder: 1
[2026-09-12 03:20:38,449][00004] original obs space: Box(0, 255, (4, 72, 96), uint8)
[2026-09-12 03:20:38,541][00004] DMLab policy head output size: 3843
[2026-09-12 03:20:38,543][00004] denpth_sensor True
[2026-09-12 03:20:38,543][00004] denpth_sensor True
[2026-09-12 03:20:38,543][00004] using bypass, dim 13
[2026-09-12 03:20:38,543][00004] USING SIMPLESEQUENCEWITHBYPASSCORE
[2026-09-12 03:20:38,543][00004] get out size called: 4621
[2026-09-12 03:20:38,554][00004] get out size called: 4621
[2026-09-12 03:20:38,570][00004] Initialized policy 0 weights for model version 0
DGC_WAYPOINT_DG_F64_S99 0 UpdateClock(learning_starts=1, cadence=4, target_interval=2, completed=1, main_positions=2, auxiliary_positions=0, target_at=0) {'missing_successor_context': 1, 'her_budget_expired': 2}
DGC_WAYPOINT_DG_F64_S99 1 UpdateClock(learning_starts=1, cadence=4, target_interval=2, completed=3, main_positions=6, auxiliary_positions=0, target_at=2) {'missing_successor_context': 3, 'her_budget_expired': 6}
[2026-09-12 03:20:38,969][00004] Saving /tmp/native-controller-audit-jg53clvp/00_DGC_WAYPOINT_DG_F64_S99/checkpoint_p0/checkpoint_000000002_64.pth...
[2026-09-12 03:20:38,986][00004] Setting fixed seed 99
[2026-09-12 03:20:38,986][00004] Initializing actor-critic model on device cpu
[2026-09-12 03:20:38,986][00004] RunningMeanStd input shape: (1,)
[2026-09-12 03:20:38,990][00004] True
[2026-09-12 03:20:38,991][00004] using depth sensor True
[2026-09-12 03:20:38,991][00004] Num input channels for depth encoder: 1
[2026-09-12 03:20:38,991][00004] original obs space: Box(0, 255, (4, 72, 96), uint8)
[2026-09-12 03:20:39,082][00004] DMLab policy head output size: 3843
[2026-09-12 03:20:39,084][00004] denpth_sensor True
[2026-09-12 03:20:39,084][00004] denpth_sensor True
[2026-09-12 03:20:39,084][00004] using bypass, dim 13
[2026-09-12 03:20:39,084][00004] USING SIMPLESEQUENCEWITHBYPASSCORE
[2026-09-12 03:20:39,084][00004] get out size called: 4621
[2026-09-12 03:20:39,094][00004] get out size called: 4621
[2026-09-12 03:20:39,102][00004] Created Actor Critic model with architecture:
[2026-09-12 03:20:39,102][00004] IntrMotivActorCriticSharedWeights(
  (obs_normalizer): ObservationNormalizer()
  (returns_normalizer): RecursiveScriptModule(original_name=RunningMeanStdInPlace)
  (encoder): HipposlamEncoder(
    (depth_encoder): DepthEncoder(
      (downsample): Upsample(size=(1, 10), mode='nearest')
    )
    (basic_encoder): ResNet18Layer2(
      (features): Sequential(
        (0): Sequential(
          (0): Conv2d(3, 64, kernel_size=(7, 7), stride=(2, 2), padding=(3, 3), bias=False)
          (1): BatchNorm2d(64, eps=1e-05, momentum=0.1, affine=True, track_running_stats=True)
          (2): ReLU(inplace=True)
          (3): MaxPool2d(kernel_size=3, stride=2, padding=1, dilation=1, ceil_mode=False)
        )
        (1): Sequential(
          (0): BasicBlock(
            (conv1): Conv2d(64, 64, kernel_size=(3, 3), stride=(1, 1), padding=(1, 1), bias=False)
            (bn1): BatchNorm2d(64, eps=1e-05, momentum=0.1, affine=True, track_running_stats=True)
            (relu): ReLU(inplace=True)
            (conv2): Conv2d(64, 64, kernel_size=(3, 3), stride=(1, 1), padding=(1, 1), bias=False)
            (bn2): BatchNorm2d(64, eps=1e-05, momentum=0.1, affine=True, track_running_stats=True)
          )
          (1): BasicBlock(
            (conv1): Conv2d(64, 64, kernel_size=(3, 3), stride=(1, 1), padding=(1, 1), bias=False)
            (bn1): BatchNorm2d(64, eps=1e-05, momentum=0.1, affine=True, track_running_stats=True)
            (relu): ReLU(inplace=True)
            (conv2): Conv2d(64, 64, kernel_size=(3, 3), stride=(1, 1), padding=(1, 1), bias=False)
            (bn2): BatchNorm2d(64, eps=1e-05, momentum=0.1, affine=True, track_running_stats=True)
          )
        )
        (2): Sequential(
          (0): BasicBlock(
            (conv1): Conv2d(64, 128, kernel_size=(3, 3), stride=(2, 2), padding=(1, 1), bias=False)
            (bn1): BatchNorm2d(128, eps=1e-05, momentum=0.1, affine=True, track_running_stats=True)
            (relu): ReLU(inplace=True)
            (conv2): Conv2d(128, 128, kernel_size=(3, 3), stride=(1, 1), padding=(1, 1), bias=False)
            (bn2): BatchNorm2d(128, eps=1e-05, momentum=0.1, affine=True, track_running_stats=True)
            (downsample): Sequential(
              (0): Conv2d(64, 128, kernel_size=(1, 1), stride=(2, 2), bias=False)
              (1): BatchNorm2d(128, eps=1e-05, momentum=0.1, affine=True, track_running_stats=True)
            )
          )
          (1): BasicBlock(
            (conv1): Conv2d(128, 128, kernel_size=(3, 3), stride=(1, 1), padding=(1, 1), bias=False)
            (bn1): BatchNorm2d(128, eps=1e-05, momentum=0.1, affine=True, track_running_stats=True)
            (relu): ReLU(inplace=True)
            (conv2): Conv2d(128, 128, kernel_size=(3, 3), stride=(1, 1), padding=(1, 1), bias=False)
            (bn2): BatchNorm2d(128, eps=1e-05, momentum=0.1, affine=True, track_running_stats=True)
          )
        )
      )
      (downsample): AvgPool2d(kernel_size=3, stride=2, padding=1)
    )
    (DG_projection): DGProjection_batchnorm_relu(
      (linear): Linear(in_features=3843, out_features=64, bias=False)
      (batchnorm1d): BatchNorm1d(64, eps=1e-05, momentum=0.1, affine=False, track_running_stats=True)
      (activation): ReLU()
    )
  )
  (core): GoalConditionedDGCore(
    (policy_graph): PolicyControllableGraph()
  )
  (decoder): TargetFiLMDecoder(
    (state_layer): Sequential(
      (0): Linear(in_features=4557, out_features=128, bias=True)
      (1): ReLU()
    )
    (output_layer): Sequential(
      (0): Linear(in_features=128, out_features=128, bias=True)
      (1): ReLU()
    )
  )
  (critic_linear): Linear(in_features=128, out_features=1, bias=True)
  (action_parameterization): ActionParameterizationDefault(
    (distribution_linear): Linear(in_features=128, out_features=8, bias=True)
  )
  (controller_q): ControllerQHeads(
    (main): Linear(in_features=128, out_features=8, bias=True)
    (auxiliary): Linear(in_features=257, out_features=8, bias=True)
  )
)
[2026-09-12 03:20:39,107][00004] Using optimizer <class 'torch.optim.adam.Adam'>
[2026-09-12 03:20:39,107][00004] Loading state from checkpoint /tmp/native-controller-audit-jg53clvp/00_DGC_WAYPOINT_DG_F64_S99/checkpoint_p0/checkpoint_000000002_64.pth...
[2026-09-12 03:20:39,118][00004] Loading model from checkpoint
[2026-09-12 03:20:39,120][00004] Loaded experiment state at self.train_step=2, self.env_steps=64
[2026-09-12 03:20:39,120][00004] Trying to register forward hooks, but no hooks are implemented. Continuing without forward hooks.
[2026-09-12 03:20:39,120][00004] Trying to register backward hooks, but no hooks are implemented. Continuing without backward hooks.
[2026-09-12 03:20:39,120][00004] Initialized policy 0 weights for model version 2
[2026-09-12 03:20:39,121][00004] RunningMeanStd input shape: (1,)
[2026-09-12 03:20:39,125][00004] True
[2026-09-12 03:20:39,125][00004] using depth sensor True
[2026-09-12 03:20:39,125][00004] Num input channels for depth encoder: 1
[2026-09-12 03:20:39,125][00004] original obs space: Box(0, 255, (4, 72, 96), uint8)
[2026-09-12 03:20:39,217][00004] DMLab policy head output size: 3843
[2026-09-12 03:20:39,218][00004] denpth_sensor True
[2026-09-12 03:20:39,219][00004] denpth_sensor True
[2026-09-12 03:20:39,219][00004] using bypass, dim 13
[2026-09-12 03:20:39,219][00004] USING SIMPLESEQUENCEWITHBYPASSCORE
[2026-09-12 03:20:39,219][00004] get out size called: 4621
[2026-09-12 03:20:39,228][00004] get out size called: 4621
[2026-09-12 03:20:39,241][00004] RunningMeanStd input shape: (1,)
[2026-09-12 03:20:39,245][00004] True
[2026-09-12 03:20:39,246][00004] using depth sensor True
[2026-09-12 03:20:39,246][00004] Num input channels for depth encoder: 1
[2026-09-12 03:20:39,246][00004] original obs space: Box(0, 255, (4, 72, 96), uint8)
[2026-09-12 03:20:39,337][00004] DMLab policy head output size: 3843
[2026-09-12 03:20:39,338][00004] denpth_sensor True
[2026-09-12 03:20:39,338][00004] denpth_sensor True
[2026-09-12 03:20:39,338][00004] using bypass, dim 13
[2026-09-12 03:20:39,339][00004] USING SIMPLESEQUENCEWITHBYPASSCORE
[2026-09-12 03:20:39,339][00004] get out size called: 4621
[2026-09-12 03:20:39,348][00004] get out size called: 4621
[2026-09-12 03:20:39,362][00004] RunningMeanStd input shape: (1,)
[2026-09-12 03:20:39,366][00004] True
[2026-09-12 03:20:39,366][00004] using depth sensor True
[2026-09-12 03:20:39,366][00004] Num input channels for depth encoder: 1
[2026-09-12 03:20:39,366][00004] original obs space: Box(0, 255, (4, 72, 96), uint8)
[2026-09-12 03:20:39,460][00004] DMLab policy head output size: 3843
[2026-09-12 03:20:39,461][00004] denpth_sensor True
[2026-09-12 03:20:39,461][00004] denpth_sensor True
[2026-09-12 03:20:39,461][00004] using bypass, dim 13
[2026-09-12 03:20:39,462][00004] USING SIMPLESEQUENCEWITHBYPASSCORE
[2026-09-12 03:20:39,462][00004] get out size called: 4621
[2026-09-12 03:20:39,472][00004] get out size called: 4621
[2026-09-12 03:20:39,491][00004] Initialized policy 0 weights for model version 2
PASS DGC_WAYPOINT_DG_F64_S99
