/home/xiaoxiong/miniforge3/envs/SF_git/lib/python3.10/site-packages/deepmind_lab/__init__.py:26: UserWarning: pkg_resources is deprecated as an API. See https://setuptools.pypa.io/en/latest/pkg_resources.html. The pkg_resources package is slated for removal as early as 2025-11-30. Refrain from using this package or pin to Setuptools<81.
  import pkg_resources
[2026-09-12 03:50:45,194][00005] register_encoder_factory: <function make_hipposlam_encoder at 0x70fca34a4280>
[2026-09-12 03:50:45,194][00005] register_model_core_factory: <function make_hipposlam_core at 0x70fcb1baa170>
[2026-09-12 03:50:45,194][00005] register_decoder_factory: <function make_hipposlam_decoder at 0x70fcb1bab0a0>
[2026-09-12 03:50:45,194][00005] register_actor_critic_factory: <function make_hipposlam_actor_critic at 0x70fcb1b51480>
[2026-09-12 03:50:45,194][00005] register_learner_factory: <function make_hipposlam_learner at 0x70fca34ff370>
[2026-09-12 03:50:45,198][00005] Setting fixed seed 99
[2026-09-12 03:50:45,199][00005] Initializing actor-critic model on device cpu
[2026-09-12 03:50:45,199][00005] RunningMeanStd input shape: (1,)
[2026-09-12 03:50:45,205][00005] True
[2026-09-12 03:50:45,205][00005] using depth sensor True
[2026-09-12 03:50:45,205][00005] Num input channels for depth encoder: 1
[2026-09-12 03:50:45,206][00005] original obs space: Box(0, 255, (4, 72, 96), uint8)
[2026-09-12 03:50:45,312][00005] DMLab policy head output size: 3843
[2026-09-12 03:50:45,315][00005] denpth_sensor True
[2026-09-12 03:50:45,315][00005] denpth_sensor True
[2026-09-12 03:50:45,315][00005] using bypass, dim 13
[2026-09-12 03:50:45,316][00005] USING SIMPLESEQUENCEWITHBYPASSCORE
[2026-09-12 03:50:45,316][00005] get out size called: 4621
[2026-09-12 03:50:45,355][00005] get out size called: 4621
[2026-09-12 03:50:45,363][00005] Created Actor Critic model with architecture:
[2026-09-12 03:50:45,363][00005] IntrMotivActorCriticSharedWeights(
  (obs_normalizer): ObservationNormalizer()
  (returns_normalizer): RecursiveScriptModule(original_name=RunningMeanStdInPlace)
  (encoder): HipposlamEncoder(
    (depth_encoder): DepthEncoder(
      (downsample): Upsample(size=(1, 10), mode='nearest')
    )
    (basic_encoder): ResNet18Layer2(
      (features): Sequential(
        (0): Sequential(
          (0): Conv2d(3, 64, kernel_size=(7, 7), stride=(2, 2), padding=(3, 3), bias=False)
          (1): BatchNorm2d(64, eps=1e-05, momentum=0.1, affine=True, track_running_stats=True)
          (2): ReLU(inplace=True)
          (3): MaxPool2d(kernel_size=3, stride=2, padding=1, dilation=1, ceil_mode=False)
        )
        (1): Sequential(
          (0): BasicBlock(
            (conv1): Conv2d(64, 64, kernel_size=(3, 3), stride=(1, 1), padding=(1, 1), bias=False)
            (bn1): BatchNorm2d(64, eps=1e-05, momentum=0.1, affine=True, track_running_stats=True)
            (relu): ReLU(inplace=True)
            (conv2): Conv2d(64, 64, kernel_size=(3, 3), stride=(1, 1), padding=(1, 1), bias=False)
            (bn2): BatchNorm2d(64, eps=1e-05, momentum=0.1, affine=True, track_running_stats=True)
          )
          (1): BasicBlock(
            (conv1): Conv2d(64, 64, kernel_size=(3, 3), stride=(1, 1), padding=(1, 1), bias=False)
            (bn1): BatchNorm2d(64, eps=1e-05, momentum=0.1, affine=True, track_running_stats=True)
            (relu): ReLU(inplace=True)
            (conv2): Conv2d(64, 64, kernel_size=(3, 3), stride=(1, 1), padding=(1, 1), bias=False)
            (bn2): BatchNorm2d(64, eps=1e-05, momentum=0.1, affine=True, track_running_stats=True)
          )
        )
        (2): Sequential(
          (0): BasicBlock(
            (conv1): Conv2d(64, 128, kernel_size=(3, 3), stride=(2, 2), padding=(1, 1), bias=False)
            (bn1): BatchNorm2d(128, eps=1e-05, momentum=0.1, affine=True, track_running_stats=True)
            (relu): ReLU(inplace=True)
            (conv2): Conv2d(128, 128, kernel_size=(3, 3), stride=(1, 1), padding=(1, 1), bias=False)
            (bn2): BatchNorm2d(128, eps=1e-05, momentum=0.1, affine=True, track_running_stats=True)
            (downsample): Sequential(
              (0): Conv2d(64, 128, kernel_size=(1, 1), stride=(2, 2), bias=False)
              (1): BatchNorm2d(128, eps=1e-05, momentum=0.1, affine=True, track_running_stats=True)
            )
          )
          (1): BasicBlock(
            (conv1): Conv2d(128, 128, kernel_size=(3, 3), stride=(1, 1), padding=(1, 1), bias=False)
            (bn1): BatchNorm2d(128, eps=1e-05, momentum=0.1, affine=True, track_running_stats=True)
            (relu): ReLU(inplace=True)
            (conv2): Conv2d(128, 128, kernel_size=(3, 3), stride=(1, 1), padding=(1, 1), bias=False)
            (bn2): BatchNorm2d(128, eps=1e-05, momentum=0.1, affine=True, track_running_stats=True)
          )
        )
      )
      (downsample): AvgPool2d(kernel_size=3, stride=2, padding=1)
    )
    (DG_projection): DGProjection_batchnorm_relu(
      (linear): Linear(in_features=3843, out_features=64, bias=False)
      (batchnorm1d): BatchNorm1d(64, eps=1e-05, momentum=0.1, affine=False, track_running_stats=True)
      (activation): ReLU()
    )
  )
  (core): GoalConditionedDGCore(
    (policy_graph): PolicyControllableGraph()
  )
  (decoder): TargetFiLMDecoder(
    (state_layer): Sequential(
      (0): Linear(in_features=4557, out_features=128, bias=True)
      (1): ReLU()
    )
    (output_layer): Sequential(
      (0): Linear(in_features=128, out_features=128, bias=True)
      (1): ReLU()
    )
  )
  (critic_linear): Linear(in_features=128, out_features=1, bias=True)
  (action_parameterization): ActionParameterizationDefault(
    (distribution_linear): Linear(in_features=128, out_features=8, bias=True)
  )
  (controller_q): ControllerQHeads(
    (main): Linear(in_features=128, out_features=8, bias=True)
    (auxiliary): Linear(in_features=257, out_features=8, bias=True)
  )
)
[2026-09-12 03:50:45,382][00005] Using optimizer <class 'torch.optim.adam.Adam'>
[2026-09-12 03:50:45,382][00005] No checkpoints found
[2026-09-12 03:50:45,383][00005] Did not load a downstream checkpoint, starting a new run
[2026-09-12 03:50:45,383][00005] Trying to register forward hooks, but no hooks are implemented. Continuing without forward hooks.
[2026-09-12 03:50:45,383][00005] Trying to register backward hooks, but no hooks are implemented. Continuing without backward hooks.
[2026-09-12 03:50:45,383][00005] Initialized policy 0 weights for model version 0
[2026-09-12 03:50:45,383][00005] RunningMeanStd input shape: (1,)
[2026-09-12 03:50:45,389][00005] True
[2026-09-12 03:50:45,389][00005] using depth sensor True
[2026-09-12 03:50:45,389][00005] Num input channels for depth encoder: 1
[2026-09-12 03:50:45,389][00005] original obs space: Box(0, 255, (4, 72, 96), uint8)
[2026-09-12 03:50:45,482][00005] DMLab policy head output size: 3843
[2026-09-12 03:50:45,484][00005] denpth_sensor True
[2026-09-12 03:50:45,484][00005] denpth_sensor True
[2026-09-12 03:50:45,484][00005] using bypass, dim 13
[2026-09-12 03:50:45,484][00005] USING SIMPLESEQUENCEWITHBYPASSCORE
[2026-09-12 03:50:45,484][00005] get out size called: 4621
[2026-09-12 03:50:45,495][00005] get out size called: 4621
[2026-09-12 03:50:45,508][00005] RunningMeanStd input shape: (1,)
[2026-09-12 03:50:45,513][00005] True
[2026-09-12 03:50:45,513][00005] using depth sensor True
[2026-09-12 03:50:45,513][00005] Num input channels for depth encoder: 1
[2026-09-12 03:50:45,513][00005] original obs space: Box(0, 255, (4, 72, 96), uint8)
[2026-09-12 03:50:45,604][00005] DMLab policy head output size: 3843
[2026-09-12 03:50:45,605][00005] denpth_sensor True
[2026-09-12 03:50:45,605][00005] denpth_sensor True
[2026-09-12 03:50:45,605][00005] using bypass, dim 13
[2026-09-12 03:50:45,605][00005] USING SIMPLESEQUENCEWITHBYPASSCORE
[2026-09-12 03:50:45,606][00005] get out size called: 4621
[2026-09-12 03:50:45,615][00005] get out size called: 4621
[2026-09-12 03:50:45,627][00005] RunningMeanStd input shape: (1,)
[2026-09-12 03:50:45,631][00005] True
[2026-09-12 03:50:45,631][00005] using depth sensor True
[2026-09-12 03:50:45,631][00005] Num input channels for depth encoder: 1
[2026-09-12 03:50:45,632][00005] original obs space: Box(0, 255, (4, 72, 96), uint8)
[2026-09-12 03:50:45,727][00005] DMLab policy head output size: 3843
[2026-09-12 03:50:45,728][00005] denpth_sensor True
[2026-09-12 03:50:45,728][00005] denpth_sensor True
[2026-09-12 03:50:45,729][00005] using bypass, dim 13
[2026-09-12 03:50:45,729][00005] USING SIMPLESEQUENCEWITHBYPASSCORE
[2026-09-12 03:50:45,729][00005] get out size called: 4621
[2026-09-12 03:50:45,738][00005] get out size called: 4621
[2026-09-12 03:50:45,758][00005] Initialized policy 0 weights for model version 0
DGC_WAYPOINT_DG_F64_S99 0 UpdateClock(learning_starts=1, cadence=128, target_interval=2, completed=0, main_positions=0, auxiliary_positions=0, target_at=0) {} {'actor_memory_rebuilds': 0.0, 'actor_memory_rebuild_seconds': 0.0, 'actor_memory_version_failures': 0.0, 'main_compute_seconds': 0.0, 'her_compute_seconds': 0.0, 'her_overhead_ratio': 0.0, 'physical_interactions': 128, 'physical_frames': 512, 'accepted_replay_decisions': 126, 'main_updates': 0, 'main_td_positions': 0, 'auxiliary_td_positions': 0, 'target_age': 0, 'update_debt': 0, 'fresh_dg_steps': 1, 'fresh_graph_batches': 1, 'transaction_seconds': 0.6452839489793405}
DGC_WAYPOINT_DG_F64_S99 1 UpdateClock(learning_starts=1, cadence=128, target_interval=2, completed=1, main_positions=256, auxiliary_positions=0, target_at=0) {'missing_successor_context': 2} {'actor_memory_rebuilds': 0.0, 'actor_memory_rebuild_seconds': 0.0, 'actor_memory_version_failures': 0.0, 'main_compute_seconds': 10.244876051088795, 'her_compute_seconds': 2.6231049560010433e-05, 'her_overhead_ratio': 2.560406727148512e-06, 'physical_interactions': 256, 'physical_frames': 1024, 'accepted_replay_decisions': 254, 'main_updates': 1, 'main_td_positions': 256, 'auxiliary_td_positions': 0, 'target_age': 1, 'update_debt': 0, 'fresh_dg_steps': 2, 'fresh_graph_batches': 2, 'transaction_seconds': 10.796747467014939, 'main_loss': 0.012526498176157475, 'auxiliary_loss': 0.0, 'q_mean': 0.017488274723291397, 'q_abs_max': 0.14966809749603271, 'rejected/missing_successor_context': 2}
[2026-09-12 03:50:58,264][00005] Saving /tmp/native-controller-audit-5nhycodk/00_DGC_WAYPOINT_DG_F64_S99/checkpoint_p0/checkpoint_000000002_1024.pth...
[2026-09-12 03:50:58,444][00005] Setting fixed seed 99
[2026-09-12 03:50:58,444][00005] Initializing actor-critic model on device cpu
[2026-09-12 03:50:58,444][00005] RunningMeanStd input shape: (1,)
[2026-09-12 03:50:58,450][00005] True
[2026-09-12 03:50:58,450][00005] using depth sensor True
[2026-09-12 03:50:58,451][00005] Num input channels for depth encoder: 1
[2026-09-12 03:50:58,451][00005] original obs space: Box(0, 255, (4, 72, 96), uint8)
[2026-09-12 03:50:58,532][00005] DMLab policy head output size: 3843
[2026-09-12 03:50:58,534][00005] denpth_sensor True
[2026-09-12 03:50:58,534][00005] denpth_sensor True
[2026-09-12 03:50:58,534][00005] using bypass, dim 13
[2026-09-12 03:50:58,534][00005] USING SIMPLESEQUENCEWITHBYPASSCORE
[2026-09-12 03:50:58,534][00005] get out size called: 4621
[2026-09-12 03:50:58,544][00005] get out size called: 4621
[2026-09-12 03:50:58,553][00005] Created Actor Critic model with architecture:
[2026-09-12 03:50:58,553][00005] IntrMotivActorCriticSharedWeights(
  (obs_normalizer): ObservationNormalizer()
  (returns_normalizer): RecursiveScriptModule(original_name=RunningMeanStdInPlace)
  (encoder): HipposlamEncoder(
    (depth_encoder): DepthEncoder(
      (downsample): Upsample(size=(1, 10), mode='nearest')
    )
    (basic_encoder): ResNet18Layer2(
      (features): Sequential(
        (0): Sequential(
          (0): Conv2d(3, 64, kernel_size=(7, 7), stride=(2, 2), padding=(3, 3), bias=False)
          (1): BatchNorm2d(64, eps=1e-05, momentum=0.1, affine=True, track_running_stats=True)
          (2): ReLU(inplace=True)
          (3): MaxPool2d(kernel_size=3, stride=2, padding=1, dilation=1, ceil_mode=False)
        )
        (1): Sequential(
          (0): BasicBlock(
            (conv1): Conv2d(64, 64, kernel_size=(3, 3), stride=(1, 1), padding=(1, 1), bias=False)
            (bn1): BatchNorm2d(64, eps=1e-05, momentum=0.1, affine=True, track_running_stats=True)
            (relu): ReLU(inplace=True)
            (conv2): Conv2d(64, 64, kernel_size=(3, 3), stride=(1, 1), padding=(1, 1), bias=False)
            (bn2): BatchNorm2d(64, eps=1e-05, momentum=0.1, affine=True, track_running_stats=True)
          )
          (1): BasicBlock(
            (conv1): Conv2d(64, 64, kernel_size=(3, 3), stride=(1, 1), padding=(1, 1), bias=False)
            (bn1): BatchNorm2d(64, eps=1e-05, momentum=0.1, affine=True, track_running_stats=True)
            (relu): ReLU(inplace=True)
            (conv2): Conv2d(64, 64, kernel_size=(3, 3), stride=(1, 1), padding=(1, 1), bias=False)
            (bn2): BatchNorm2d(64, eps=1e-05, momentum=0.1, affine=True, track_running_stats=True)
          )
        )
        (2): Sequential(
          (0): BasicBlock(
            (conv1): Conv2d(64, 128, kernel_size=(3, 3), stride=(2, 2), padding=(1, 1), bias=False)
            (bn1): BatchNorm2d(128, eps=1e-05, momentum=0.1, affine=True, track_running_stats=True)
            (relu): ReLU(inplace=True)
            (conv2): Conv2d(128, 128, kernel_size=(3, 3), stride=(1, 1), padding=(1, 1), bias=False)
            (bn2): BatchNorm2d(128, eps=1e-05, momentum=0.1, affine=True, track_running_stats=True)
            (downsample): Sequential(
              (0): Conv2d(64, 128, kernel_size=(1, 1), stride=(2, 2), bias=False)
              (1): BatchNorm2d(128, eps=1e-05, momentum=0.1, affine=True, track_running_stats=True)
            )
          )
          (1): BasicBlock(
            (conv1): Conv2d(128, 128, kernel_size=(3, 3), stride=(1, 1), padding=(1, 1), bias=False)
            (bn1): BatchNorm2d(128, eps=1e-05, momentum=0.1, affine=True, track_running_stats=True)
            (relu): ReLU(inplace=True)
            (conv2): Conv2d(128, 128, kernel_size=(3, 3), stride=(1, 1), padding=(1, 1), bias=False)
            (bn2): BatchNorm2d(128, eps=1e-05, momentum=0.1, affine=True, track_running_stats=True)
          )
        )
      )
      (downsample): AvgPool2d(kernel_size=3, stride=2, padding=1)
    )
    (DG_projection): DGProjection_batchnorm_relu(
      (linear): Linear(in_features=3843, out_features=64, bias=False)
      (batchnorm1d): BatchNorm1d(64, eps=1e-05, momentum=0.1, affine=False, track_running_stats=True)
      (activation): ReLU()
    )
  )
  (core): GoalConditionedDGCore(
    (policy_graph): PolicyControllableGraph()
  )
  (decoder): TargetFiLMDecoder(
    (state_layer): Sequential(
      (0): Linear(in_features=4557, out_features=128, bias=True)
      (1): ReLU()
    )
    (output_layer): Sequential(
      (0): Linear(in_features=128, out_features=128, bias=True)
      (1): ReLU()
    )
  )
  (critic_linear): Linear(in_features=128, out_features=1, bias=True)
  (action_parameterization): ActionParameterizationDefault(
    (distribution_linear): Linear(in_features=128, out_features=8, bias=True)
  )
  (controller_q): ControllerQHeads(
    (main): Linear(in_features=128, out_features=8, bias=True)
    (auxiliary): Linear(in_features=257, out_features=8, bias=True)
  )
)
[2026-09-12 03:50:58,561][00005] Using optimizer <class 'torch.optim.adam.Adam'>
[2026-09-12 03:50:58,561][00005] Loading state from checkpoint /tmp/native-controller-audit-5nhycodk/00_DGC_WAYPOINT_DG_F64_S99/checkpoint_p0/checkpoint_000000002_1024.pth...
[2026-09-12 03:50:58,625][00005] Loading model from checkpoint
[2026-09-12 03:50:58,628][00005] Loaded experiment state at self.train_step=2, self.env_steps=1024
[2026-09-12 03:50:58,628][00005] Trying to register forward hooks, but no hooks are implemented. Continuing without forward hooks.
[2026-09-12 03:50:58,628][00005] Trying to register backward hooks, but no hooks are implemented. Continuing without backward hooks.
[2026-09-12 03:50:58,628][00005] Initialized policy 0 weights for model version 2
[2026-09-12 03:50:58,629][00005] RunningMeanStd input shape: (1,)
[2026-09-12 03:50:58,633][00005] True
[2026-09-12 03:50:58,633][00005] using depth sensor True
[2026-09-12 03:50:58,633][00005] Num input channels for depth encoder: 1
[2026-09-12 03:50:58,634][00005] original obs space: Box(0, 255, (4, 72, 96), uint8)
[2026-09-12 03:50:58,719][00005] DMLab policy head output size: 3843
[2026-09-12 03:50:58,721][00005] denpth_sensor True
[2026-09-12 03:50:58,721][00005] denpth_sensor True
[2026-09-12 03:50:58,721][00005] using bypass, dim 13
[2026-09-12 03:50:58,721][00005] USING SIMPLESEQUENCEWITHBYPASSCORE
[2026-09-12 03:50:58,721][00005] get out size called: 4621
[2026-09-12 03:50:58,731][00005] get out size called: 4621
[2026-09-12 03:50:58,746][00005] RunningMeanStd input shape: (1,)
[2026-09-12 03:50:58,751][00005] True
[2026-09-12 03:50:58,751][00005] using depth sensor True
[2026-09-12 03:50:58,751][00005] Num input channels for depth encoder: 1
[2026-09-12 03:50:58,751][00005] original obs space: Box(0, 255, (4, 72, 96), uint8)
[2026-09-12 03:50:58,836][00005] DMLab policy head output size: 3843
[2026-09-12 03:50:58,838][00005] denpth_sensor True
[2026-09-12 03:50:58,838][00005] denpth_sensor True
[2026-09-12 03:50:58,838][00005] using bypass, dim 13
[2026-09-12 03:50:58,838][00005] USING SIMPLESEQUENCEWITHBYPASSCORE
[2026-09-12 03:50:58,838][00005] get out size called: 4621
[2026-09-12 03:50:58,848][00005] get out size called: 4621
[2026-09-12 03:50:58,862][00005] RunningMeanStd input shape: (1,)
[2026-09-12 03:50:58,867][00005] True
[2026-09-12 03:50:58,867][00005] using depth sensor True
[2026-09-12 03:50:58,867][00005] Num input channels for depth encoder: 1
[2026-09-12 03:50:58,867][00005] original obs space: Box(0, 255, (4, 72, 96), uint8)
[2026-09-12 03:50:58,951][00005] DMLab policy head output size: 3843
[2026-09-12 03:50:58,952][00005] denpth_sensor True
[2026-09-12 03:50:58,952][00005] denpth_sensor True
[2026-09-12 03:50:58,952][00005] using bypass, dim 13
[2026-09-12 03:50:58,953][00005] USING SIMPLESEQUENCEWITHBYPASSCORE
[2026-09-12 03:50:58,953][00005] get out size called: 4621
[2026-09-12 03:50:58,963][00005] get out size called: 4621
[2026-09-12 03:50:58,995][00005] Initialized policy 0 weights for model version 2
PASS DGC_WAYPOINT_DG_F64_S99
