/home/xiaoxiong/miniforge3/envs/SF_git/lib/python3.10/site-packages/deepmind_lab/__init__.py:26: UserWarning: pkg_resources is deprecated as an API. See https://setuptools.pypa.io/en/latest/pkg_resources.html. The pkg_resources package is slated for removal as early as 2025-11-30. Refrain from using this package or pin to Setuptools<81.
  import pkg_resources
[2026-09-12 02:32:45,358][00010] RunningMeanStd input shape: (1,)
[2026-09-12 02:32:45,364][00010] True
[2026-09-12 02:32:45,364][00010] using depth sensor True
[2026-09-12 02:32:45,364][00010] Num input channels for depth encoder: 1
[2026-09-12 02:32:45,365][00010] original obs space: Box(0, 255, (4, 72, 96), uint8)
[2026-09-12 02:32:45,487][00010] DMLab policy head output size: 3843
[2026-09-12 02:32:45,488][00010] denpth_sensor True
[2026-09-12 02:32:45,488][00010] denpth_sensor True
[2026-09-12 02:32:45,488][00010] using bypass, dim 13
[2026-09-12 02:32:45,488][00010] USING SIMPLESEQUENCEWITHBYPASSCORE
[2026-09-12 02:32:45,488][00010] get out size called: 1165
[2026-09-12 02:32:45,517][00010] get out size called: 1165
[2026-09-12 02:32:45,521][00010] RunningMeanStd input shape: (1,)
[2026-09-12 02:32:45,526][00010] True
[2026-09-12 02:32:45,526][00010] using depth sensor True
[2026-09-12 02:32:45,526][00010] Num input channels for depth encoder: 1
[2026-09-12 02:32:45,526][00010] original obs space: Box(0, 255, (4, 72, 96), uint8)
[2026-09-12 02:32:45,625][00010] DMLab policy head output size: 3843
[2026-09-12 02:32:45,626][00010] denpth_sensor True
[2026-09-12 02:32:45,626][00010] denpth_sensor True
[2026-09-12 02:32:45,626][00010] using bypass, dim 13
[2026-09-12 02:32:45,626][00010] USING SIMPLESEQUENCEWITHBYPASSCORE
[2026-09-12 02:32:45,627][00010] get out size called: 1165
[2026-09-12 02:32:45,635][00010] get out size called: 1165
[2026-09-12 02:32:45,655][00010] RunningMeanStd input shape: (1,)
[2026-09-12 02:32:45,660][00010] True
[2026-09-12 02:32:45,660][00010] using depth sensor True
[2026-09-12 02:32:45,660][00010] Num input channels for depth encoder: 1
[2026-09-12 02:32:45,660][00010] original obs space: Box(0, 255, (4, 72, 96), uint8)
[2026-09-12 02:32:45,759][00010] DMLab policy head output size: 3843
[2026-09-12 02:32:45,760][00010] denpth_sensor True
[2026-09-12 02:32:45,760][00010] denpth_sensor True
[2026-09-12 02:32:45,760][00010] using bypass, dim 13
[2026-09-12 02:32:45,760][00010] USING SIMPLESEQUENCEWITHBYPASSCORE
[2026-09-12 02:32:45,760][00010] get out size called: 1165
[2026-09-12 02:32:45,768][00010] get out size called: 1165
[2026-09-12 02:32:45,886][00010] RunningMeanStd input shape: (1,)
[2026-09-12 02:32:45,891][00010] True
[2026-09-12 02:32:45,891][00010] using depth sensor True
[2026-09-12 02:32:45,891][00010] Num input channels for depth encoder: 1
[2026-09-12 02:32:45,891][00010] original obs space: Box(0, 255, (4, 72, 96), uint8)
[2026-09-12 02:32:45,984][00010] DMLab policy head output size: 3843
[2026-09-12 02:32:45,984][00010] denpth_sensor True
[2026-09-12 02:32:45,984][00010] denpth_sensor True
[2026-09-12 02:32:45,985][00010] using bypass, dim 13
[2026-09-12 02:32:45,985][00010] USING SIMPLESEQUENCEWITHBYPASSCORE
[2026-09-12 02:32:45,985][00010] get out size called: 1165
[2026-09-12 02:32:45,992][00010] get out size called: 1165
DGC_DIRECT_WORKER_F16_S99 passed
[2026-09-12 02:32:46,094][00010] RunningMeanStd input shape: (1,)
[2026-09-12 02:32:46,099][00010] True
[2026-09-12 02:32:46,099][00010] using depth sensor True
[2026-09-12 02:32:46,099][00010] Num input channels for depth encoder: 1
[2026-09-12 02:32:46,100][00010] original obs space: Box(0, 255, (4, 72, 96), uint8)
[2026-09-12 02:32:46,186][00010] DMLab policy head output size: 3843
[2026-09-12 02:32:46,187][00010] denpth_sensor True
[2026-09-12 02:32:46,187][00010] denpth_sensor True
[2026-09-12 02:32:46,188][00010] using bypass, dim 13
[2026-09-12 02:32:46,188][00010] USING SIMPLESEQUENCEWITHBYPASSCORE
[2026-09-12 02:32:46,188][00010] get out size called: 4621
[2026-09-12 02:32:46,198][00010] get out size called: 4621
[2026-09-12 02:32:46,207][00010] RunningMeanStd input shape: (1,)
[2026-09-12 02:32:46,213][00010] True
[2026-09-12 02:32:46,213][00010] using depth sensor True
[2026-09-12 02:32:46,213][00010] Num input channels for depth encoder: 1
[2026-09-12 02:32:46,213][00010] original obs space: Box(0, 255, (4, 72, 96), uint8)
[2026-09-12 02:32:46,289][00010] DMLab policy head output size: 3843
[2026-09-12 02:32:46,290][00010] denpth_sensor True
[2026-09-12 02:32:46,290][00010] denpth_sensor True
[2026-09-12 02:32:46,291][00010] using bypass, dim 13
[2026-09-12 02:32:46,291][00010] USING SIMPLESEQUENCEWITHBYPASSCORE
[2026-09-12 02:32:46,291][00010] get out size called: 4621
[2026-09-12 02:32:46,301][00010] get out size called: 4621
[2026-09-12 02:32:46,326][00010] RunningMeanStd input shape: (1,)
[2026-09-12 02:32:46,330][00010] True
[2026-09-12 02:32:46,331][00010] using depth sensor True
[2026-09-12 02:32:46,331][00010] Num input channels for depth encoder: 1
[2026-09-12 02:32:46,331][00010] original obs space: Box(0, 255, (4, 72, 96), uint8)
[2026-09-12 02:32:46,405][00010] DMLab policy head output size: 3843
[2026-09-12 02:32:46,406][00010] denpth_sensor True
[2026-09-12 02:32:46,406][00010] denpth_sensor True
[2026-09-12 02:32:46,406][00010] using bypass, dim 13
[2026-09-12 02:32:46,406][00010] USING SIMPLESEQUENCEWITHBYPASSCORE
[2026-09-12 02:32:46,407][00010] get out size called: 4621
[2026-09-12 02:32:46,416][00010] get out size called: 4621
[2026-09-12 02:32:46,555][00010] RunningMeanStd input shape: (1,)
[2026-09-12 02:32:46,560][00010] True
[2026-09-12 02:32:46,560][00010] using depth sensor True
[2026-09-12 02:32:46,560][00010] Num input channels for depth encoder: 1
[2026-09-12 02:32:46,560][00010] original obs space: Box(0, 255, (4, 72, 96), uint8)
[2026-09-12 02:32:46,639][00010] DMLab policy head output size: 3843
[2026-09-12 02:32:46,640][00010] denpth_sensor True
[2026-09-12 02:32:46,640][00010] denpth_sensor True
[2026-09-12 02:32:46,640][00010] using bypass, dim 13
[2026-09-12 02:32:46,640][00010] USING SIMPLESEQUENCEWITHBYPASSCORE
[2026-09-12 02:32:46,641][00010] get out size called: 4621
[2026-09-12 02:32:46,649][00010] get out size called: 4621
DGC_WAYPOINT_DG_F64_S8 passed
[2026-09-12 02:32:46,699][00010] RunningMeanStd input shape: (1,)
[2026-09-12 02:32:46,704][00010] True
[2026-09-12 02:32:46,704][00010] using depth sensor True
[2026-09-12 02:32:46,704][00010] Num input channels for depth encoder: 1
[2026-09-12 02:32:46,704][00010] original obs space: Box(0, 255, (4, 72, 96), uint8)
[2026-09-12 02:32:46,787][00010] DMLab policy head output size: 3843
[2026-09-12 02:32:46,789][00010] denpth_sensor True
[2026-09-12 02:32:46,789][00010] denpth_sensor True
[2026-09-12 02:32:46,789][00010] using bypass, dim 13
[2026-09-12 02:32:46,789][00010] USING SIMPLESEQUENCEWITHBYPASSCORE
[2026-09-12 02:32:46,790][00010] get out size called: 4621
[2026-09-12 02:32:46,805][00010] get out size called: 4621
[2026-09-12 02:32:46,815][00010] RunningMeanStd input shape: (1,)
[2026-09-12 02:32:46,820][00010] True
[2026-09-12 02:32:46,820][00010] using depth sensor True
[2026-09-12 02:32:46,820][00010] Num input channels for depth encoder: 1
[2026-09-12 02:32:46,820][00010] original obs space: Box(0, 255, (4, 72, 96), uint8)
[2026-09-12 02:32:46,904][00010] DMLab policy head output size: 3843
[2026-09-12 02:32:46,905][00010] denpth_sensor True
[2026-09-12 02:32:46,906][00010] denpth_sensor True
[2026-09-12 02:32:46,906][00010] using bypass, dim 13
[2026-09-12 02:32:46,906][00010] USING SIMPLESEQUENCEWITHBYPASSCORE
[2026-09-12 02:32:46,906][00010] get out size called: 4621
[2026-09-12 02:32:46,916][00010] get out size called: 4621
[2026-09-12 02:32:46,942][00010] RunningMeanStd input shape: (1,)
[2026-09-12 02:32:46,947][00010] True
[2026-09-12 02:32:46,947][00010] using depth sensor True
[2026-09-12 02:32:46,947][00010] Num input channels for depth encoder: 1
[2026-09-12 02:32:46,947][00010] original obs space: Box(0, 255, (4, 72, 96), uint8)
[2026-09-12 02:32:47,033][00010] DMLab policy head output size: 3843
[2026-09-12 02:32:47,035][00010] denpth_sensor True
[2026-09-12 02:32:47,035][00010] denpth_sensor True
[2026-09-12 02:32:47,035][00010] using bypass, dim 13
[2026-09-12 02:32:47,035][00010] USING SIMPLESEQUENCEWITHBYPASSCORE
[2026-09-12 02:32:47,035][00010] get out size called: 4621
[2026-09-12 02:32:47,044][00010] get out size called: 4621
[2026-09-12 02:32:47,201][00010] RunningMeanStd input shape: (1,)
[2026-09-12 02:32:47,205][00010] True
[2026-09-12 02:32:47,206][00010] using depth sensor True
[2026-09-12 02:32:47,206][00010] Num input channels for depth encoder: 1
[2026-09-12 02:32:47,206][00010] original obs space: Box(0, 255, (4, 72, 96), uint8)
[2026-09-12 02:32:47,289][00010] DMLab policy head output size: 3843
[2026-09-12 02:32:47,290][00010] denpth_sensor True
[2026-09-12 02:32:47,290][00010] denpth_sensor True
[2026-09-12 02:32:47,290][00010] using bypass, dim 13
[2026-09-12 02:32:47,291][00010] USING SIMPLESEQUENCEWITHBYPASSCORE
[2026-09-12 02:32:47,291][00010] get out size called: 4621
[2026-09-12 02:32:47,300][00010] get out size called: 4621
DGC_WAYPOINT_DG_F64_S99 passed
